ARM Linker, 4.1 [Build 481] [Standard]

==============================================================================

Section Cross References

    main.o(i.SYS_Init) refers to sys.o(i.SYS_UnlockReg) for SYS_UnlockReg
    main.o(i.SYS_Init) refers to clk.o(i.CLK_EnableXtalRC) for CLK_EnableXtalRC
    main.o(i.SYS_Init) refers to clk.o(i.CLK_WaitClockReady) for CLK_WaitClockReady
    main.o(i.SYS_Init) refers to clk.o(i.CLK_SetHCLK) for CLK_SetHCLK
    main.o(i.SYS_Init) refers to system_nuc472_442.o(i.SystemCoreClockUpdate) for SystemCoreClockUpdate
    main.o(i.SYS_Init) refers to main.o(i.SetSysTick) for SetSysTick
    main.o(i.SetSysTick) refers to system_nuc472_442.o(.data) for CyclesPerUs
    main.o(i.SysTick_Handler) refers to irq.o(i.rt_interrupt_enter) for rt_interrupt_enter
    main.o(i.SysTick_Handler) refers to clock.o(i.rt_tick_increase) for rt_tick_increase
    main.o(i.SysTick_Handler) refers to irq.o(i.rt_interrupt_leave) for rt_interrupt_leave
    main.o(i.SysTick_Handler) refers to main.o(.data) for LocalTime
    usart.o(i.Usart_Init) refers to clk.o(i.CLK_EnableModuleClock) for CLK_EnableModuleClock
    usart.o(i.Usart_Init) refers to clk.o(i.CLK_SetModuleClock) for CLK_SetModuleClock
    usart.o(i.Usart_Init) refers to gpio.o(i.GPIO_SetMode) for GPIO_SetMode
    usart.o(i.Usart_Init) refers to uart.o(i.UART_Open) for UART_Open
    usart.o(i.Usart_Init) refers to uart.o(i.UART_Write) for UART_Write
    config.o(i.ConfigHWSpiport) refers to clk.o(i.CLK_EnableModuleClock) for CLK_EnableModuleClock
    config.o(i.ConfigHWSpiport) refers to spi.o(i.SPI_Open) for SPI_Open
    config.o(i.ConfigHWSpiport) refers to spi.o(i.SPI_DisableAutoSS) for SPI_DisableAutoSS
    config.o(i.ConfigHWSpiport) refers to gpio.o(i.GPIO_SetMode) for GPIO_SetMode
    config.o(i.ConfigHWled) refers to gpio.o(i.GPIO_SetMode) for GPIO_SetMode
    config.o(i.SYS_Config) refers to ds12864.o(i.LCD_init) for LCD_init
    config.o(i.SYS_Config) refers to config.o(i.ConfigHWled) for ConfigHWled
    config.o(i.SYS_Config) refers to config.o(i.ConfigHWSpiport) for ConfigHWSpiport
    config.o(i.SYS_Config) refers to ade7878_int.o(i.Config_ADE7878_IRQ) for Config_ADE7878_IRQ
    ds12864.o(i.Display_Task) refers to ds12864.o(i.LCD_Setaddress) for LCD_Setaddress
    ds12864.o(i.Display_Task) refers to ds12864.o(i.print) for print
    ds12864.o(i.Display_Task) refers to ds12864.o(.data) for VRMS_ds12864
    ds12864.o(i.Init12864) refers to gpio.o(i.GPIO_SetMode) for GPIO_SetMode
    ds12864.o(i.LCD_Putstring) refers to ds12864.o(i.LCD_Setaddress) for LCD_Setaddress
    ds12864.o(i.LCD_Putstring) refers to ds12864.o(i.LCD_write_dat) for LCD_write_dat
    ds12864.o(i.LCD_Setaddress) refers to ds12864.o(i.LCD_write_com) for LCD_write_com
    ds12864.o(i.LCD_draw_clr) refers to ds12864.o(i.LCD_write_com) for LCD_write_com
    ds12864.o(i.LCD_draw_clr) refers to ds12864.o(i.LCD_write_dat) for LCD_write_dat
    ds12864.o(i.LCD_draw_point) refers to ds12864.o(i.LCD_write_com) for LCD_write_com
    ds12864.o(i.LCD_draw_point) refers to ds12864.o(i.LCD_write_dat) for LCD_write_dat
    ds12864.o(i.LCD_draw_word) refers to ds12864.o(i.LCD_write_com) for LCD_write_com
    ds12864.o(i.LCD_draw_word) refers to ds12864.o(i.LCD_write_dat) for LCD_write_dat
    ds12864.o(i.LCD_init) refers to ds12864.o(i.Init12864) for Init12864
    ds12864.o(i.LCD_init) refers to ds12864.o(i.LCD_write_com) for LCD_write_com
    ds12864.o(i.LCD_init) refers to ds12864.o(i.Delay_nms) for Delay_nms
    ds12864.o(i.LCD_write_com) refers to ds12864.o(i.LCD_sendbyte) for LCD_sendbyte
    ds12864.o(i.LCD_write_com) refers to ds12864.o(i.Delay_nms) for Delay_nms
    ds12864.o(i.LCD_write_com_clr) refers to ds12864.o(i.LCD_sendbyte) for LCD_sendbyte
    ds12864.o(i.LCD_write_dat) refers to ds12864.o(i.LCD_sendbyte) for LCD_sendbyte
    ds12864.o(i.LCD_write_dat) refers to ds12864.o(i.Delay_nms) for Delay_nms
    ds12864.o(i.Set_Irms2Display) refers to printfa.o(i.__0sprintf) for __2sprintf
    ds12864.o(i.Set_Irms2Display) refers to ds12864.o(i.LCD_write_com) for LCD_write_com
    ds12864.o(i.Set_Irms2Display) refers to ds12864.o(.data) for IRMS_ds12864
    ds12864.o(i.Set_Vrms2Display) refers to printfa.o(i.__0sprintf) for __2sprintf
    ds12864.o(i.Set_Vrms2Display) refers to ds12864.o(i.LCD_write_com) for LCD_write_com
    ds12864.o(i.Set_Vrms2Display) refers to ds12864.o(.data) for VRMS_ds12864
    ds12864.o(i.Set_Watt2Display) refers to printfa.o(i.__0sprintf) for __2sprintf
    ds12864.o(i.Set_Watt2Display) refers to ds12864.o(i.LCD_write_com) for LCD_write_com
    ds12864.o(i.Set_Watt2Display) refers to ds12864.o(.data) for WATT_ds12864
    ds12864.o(i.Set_Watthr2Display) refers to printfa.o(i.__0sprintf) for __2sprintf
    ds12864.o(i.Set_Watthr2Display) refers to ds12864.o(i.LCD_write_com) for LCD_write_com
    ds12864.o(i.Set_Watthr2Display) refers to ds12864.o(.data) for WATTHR_ds12864
    ds12864.o(i.lcd_main) refers to ds12864.o(i.LCD_init) for LCD_init
[...]
    i.eMBPoll                                0x00002a70   Section        0  mb.o(i.eMBPoll)
    i.eMBRTUInit                             0x00002c50   Section        0  mbrtu.o(i.eMBRTUInit)
    i.eMBRTUReceive                          0x00002ca8   Section        0  mbrtu.o(i.eMBRTUReceive)
    i.eMBRTUSend                             0x00002d14   Section        0  mbrtu.o(i.eMBRTUSend)
    i.eMBRTUStart                            0x00002da4   Section        0  mbrtu.o(i.eMBRTUStart)
    i.eMBRTUStop                             0x00002dc8   Section        0  mbrtu.o(i.eMBRTUStop)
    i.eMBRegHoldingCB                        0x00002de0   Section        0  user_mb_app.o(i.eMBRegHoldingCB)
    i.main                                   0x00002eac   Section        0  startup.o(i.main)
    i.peBTFrameSendCur                       0x00002ebc   Section        0  mbrtu.o(i.peBTFrameSendCur)
    i.plug_holes                             0x00002f90   Section        0  mem.o(i.plug_holes)
    plug_holes                               0x00002f91   Thumb Code   158  mem.o(i.plug_holes)
    i.print                                  0x0000303c   Section        0  ds12864.o(i.print)
    i.prveMBError2Exception                  0x00003052   Section        0  mbutils.o(i.prveMBError2Exception)
    i.prvvTIMERExpiredISR                    0x00003074   Section        0  porttimer.o(i.prvvTIMERExpiredISR)
    prvvTIMERExpiredISR                      0x00003075   Thumb Code    10  porttimer.o(i.prvvTIMERExpiredISR)
    i.prvvUARTRxISR                          0x00003084   Section        0  portserial.o(i.prvvUARTRxISR)
    prvvUARTRxISR                            0x00003085   Thumb Code    10  portserial.o(i.prvvUARTRxISR)
    i.prvvUARTTxReadyISR                     0x00003094   Section        0  portserial.o(i.prvvUARTTxReadyISR)
    prvvUARTTxReadyISR                       0x00003095   Thumb Code    10  portserial.o(i.prvvUARTTxReadyISR)
    i.rt_application_init                    0x000030a4   Section        0  application.o(i.rt_application_init)
    i.rt_device_init_all                     0x0000314c   Section        0  device.o(i.rt_device_init_all)
    i.rt_free                                0x00003190   Section        0  mem.o(i.rt_free)
    i.rt_hw_board_init                       0x0000328c   Section        0  board.o(i.rt_hw_board_init)
    i.rt_hw_hard_fault_exception             0x0000329c   Section        0  cpuport.o(i.rt_hw_hard_fault_exception)
    i.rt_hw_stack_init                       0x000032c0   Section        0  cpuport.o(i.rt_hw_stack_init)
    i.rt_init_thread_entry                   0x00003304   Section        0  application.o(i.rt_init_thread_entry)
    i.rt_interrupt_enter                     0x00003334   Section        0  irq.o(i.rt_interrupt_enter)
    i.rt_interrupt_get_nest                  0x00003358   Section        0  irq.o(i.rt_interrupt_get_nest)
    i.rt_interrupt_leave                     0x00003364   Section        0  irq.o(i.rt_interrupt_leave)
    i.rt_ipc_list_resume                     0x00003388   Section        0  ipc.o(i.rt_ipc_list_resume)
    rt_ipc_list_resume                       0x00003389   Thumb Code    24  ipc.o(i.rt_ipc_list_resume)
    i.rt_ipc_list_suspend                    0x000033a0   Section        0  ipc.o(i.rt_ipc_list_suspend)
    rt_ipc_list_suspend                      0x000033a1   Thumb Code   108  ipc.o(i.rt_ipc_list_suspend)
    i.rt_ipc_object_init                     0x0000340c   Section        0  ipc.o(i.rt_ipc_object_init)
    rt_ipc_object_init                       0x0000340d   Thumb Code    16  ipc.o(i.rt_ipc_object_init)
    i.rt_list_init                           0x0000341c   Section        0  ipc.o(i.rt_list_init)
    rt_list_init                             0x0000341d   Thumb Code     6  ipc.o(i.rt_list_init)
    i.rt_list_init                           0x00003422   Section        0  scheduler.o(i.rt_list_init)
    rt_list_init                             0x00003423   Thumb Code     6  scheduler.o(i.rt_list_init)
    i.rt_list_init                           0x00003428   Section        0  timer.o(i.rt_list_init)
    rt_list_init                             0x00003429   Thumb Code     6  timer.o(i.rt_list_init)
    i.rt_list_insert_after                   0x0000342e   Section        0  object.o(i.rt_list_insert_after)
    rt_list_insert_after                     0x0000342f   Thumb Code    14  object.o(i.rt_list_insert_after)
    i.rt_list_insert_after                   0x0000343c   Section        0  thread.o(i.rt_list_insert_after)
    rt_list_insert_after                     0x0000343d   Thumb Code    14  thread.o(i.rt_list_insert_after)
    i.rt_list_insert_after                   0x0000344a   Section        0  timer.o(i.rt_list_insert_after)
    rt_list_insert_after                     0x0000344b   Thumb Code    14  timer.o(i.rt_list_insert_after)
    i.rt_list_insert_before                  0x00003458   Section        0  ipc.o(i.rt_list_insert_before)
    rt_list_insert_before                    0x00003459   Thumb Code    14  ipc.o(i.rt_list_insert_before)
    i.rt_list_isempty                        0x00003466   Section        0  idle.o(i.rt_list_isempty)
    rt_list_isempty                          0x00003467   Thumb Code    16  idle.o(i.rt_list_isempty)
    i.rt_list_isempty                        0x00003476   Section        0  ipc.o(i.rt_list_isempty)
    rt_list_isempty                          0x00003477   Thumb Code    16  ipc.o(i.rt_list_isempty)
    i.rt_list_isempty                        0x00003486   Section        0  timer.o(i.rt_list_isempty)
    rt_list_isempty                          0x00003487   Thumb Code    16  timer.o(i.rt_list_isempty)
    i.rt_list_remove                         0x00003496   Section        0  object.o(i.rt_list_remove)
    rt_list_remove                           0x00003497   Thumb Code    18  object.o(i.rt_list_remove)
    i.rt_list_remove                         0x000034a8   Section        0  thread.o(i.rt_list_remove)
    rt_list_remove                           0x000034a9   Thumb Code    18  thread.o(i.rt_list_remove)
    i.rt_malloc                              0x000034bc   Section        0  mem.o(i.rt_malloc)
    i.rt_memset                              0x000036cc   Section        0  kservice.o(i.rt_memset)
    i.rt_object_allocate                     0x00003714   Section        0  object.o(i.rt_object_allocate)
    i.rt_object_delete                       0x00003798   Section        0  object.o(i.rt_object_delete)
    i.rt_object_detach                       0x000037ec   Section        0  object.o(i.rt_object_detach)
    i.rt_object_init                         0x00003828   Section        0  object.o(i.rt_object_init)
    i.rt_object_is_systemobject              0x0000387c   Section        0  object.o(i.rt_object_is_systemobject)
    i.rt_schedule                            0x0000389c   Section        0  scheduler.o(i.rt_schedule)
    i.rt_schedule_insert_thread              0x0000393c   Section        0  scheduler.o(i.rt_schedule_insert_thread)
    i.rt_schedule_remove_thread              0x00003994   Section        0  scheduler.o(i.rt_schedule_remove_thread)
    i.rt_sem_init                            0x000039f8   Section        0  ipc.o(i.rt_sem_init)
    i.rt_sem_release                         0x00003a2c   Section        0  ipc.o(i.rt_sem_release)
    i.rt_sem_take                            0x00003a80   Section        0  ipc.o(i.rt_sem_take)
    i.rt_show_version                        0x00003b7c   Section        0  kservice.o(i.rt_show_version)
    i.rt_strncpy                             0x00003b7e   Section        0  kservice.o(i.rt_strncpy)
    i.rt_system_heap_init                    0x00003bb4   Section        0  mem.o(i.rt_system_heap_init)
    i.rt_system_object_init                  0x00003c88   Section        0  object.o(i.rt_system_object_init)
    i.rt_system_scheduler_init               0x00003c8c   Section        0  scheduler.o(i.rt_system_scheduler_init)
    i.rt_system_scheduler_start              0x00003cdc   Section        0  scheduler.o(i.rt_system_scheduler_start)
    i.rt_system_tick_init                    0x00003d0c   Section        0  clock.o(i.rt_system_tick_init)
    i.rt_system_timer_init                   0x00003d10   Section        0  timer.o(i.rt_system_timer_init)
    i.rt_system_timer_thread_init            0x00003d2c   Section        0  timer.o(i.rt_system_timer_thread_init)
    i.rt_thread_create                       0x00003d2e   Section        0  thread.o(i.rt_thread_create)
    i.rt_thread_delay                        0x00003d82   Section        0  thread.o(i.rt_thread_delay)
    i.rt_thread_entry_PowerMeasurment        0x00003d90   Section        0  application.o(i.rt_thread_entry_PowerMeasurment)
    rt_thread_entry_PowerMeasurment          0x00003d91   Thumb Code    38  application.o(i.rt_thread_entry_PowerMeasurment)
    i.rt_thread_entry_Rs485comm              0x00003dbc   Section        0  application.o(i.rt_thread_entry_Rs485comm)
    rt_thread_entry_Rs485comm                0x00003dbd   Thumb Code    30  application.o(i.rt_thread_entry_Rs485comm)
    i.rt_thread_exit                         0x00003de0   Section        0  thread.o(i.rt_thread_exit)
    rt_thread_exit                           0x00003de1   Thumb Code    76  thread.o(i.rt_thread_exit)
    i.rt_thread_idle_entry                   0x00003e34   Section        0  idle.o(i.rt_thread_idle_entry)
    rt_thread_idle_entry                     0x00003e35   Thumb Code    20  idle.o(i.rt_thread_idle_entry)
    i.rt_thread_idle_excute                  0x00003e4c   Section        0  idle.o(i.rt_thread_idle_excute)
    i.rt_thread_idle_init                    0x00003ee8   Section        0  idle.o(i.rt_thread_idle_init)
    i.rt_thread_init                         0x00003f20   Section        0  thread.o(i.rt_thread_init)
    i.rt_thread_resume                       0x00003f6a   Section        0  thread.o(i.rt_thread_resume)
    i.rt_thread_self                         0x00003fb8   Section        0  thread.o(i.rt_thread_self)
    i.rt_thread_sleep                        0x00003fc4   Section        0  thread.o(i.rt_thread_sleep)
    i.rt_thread_startup                      0x00004010   Section        0  thread.o(i.rt_thread_startup)
    i.rt_thread_suspend                      0x00004068   Section        0  thread.o(i.rt_thread_suspend)
    i.rt_thread_timeout                      0x000040aa   Section        0  thread.o(i.rt_thread_timeout)
    i.rt_thread_yield                        0x000040e8   Section        0  thread.o(i.rt_thread_yield)
    i.rt_tick_get                            0x00004148   Section        0  clock.o(i.rt_tick_get)
    i.rt_tick_increase                       0x00004154   Section        0  clock.o(i.rt_tick_increase)
    i.rt_timer_check                         0x00004184   Section        0  timer.o(i.rt_timer_check)
    i.rt_timer_control                       0x00004220   Section        0  timer.o(i.rt_timer_control)
    i.rt_timer_detach                        0x00004266   Section        0  timer.o(i.rt_timer_detach)
    i.rt_timer_init                          0x00004292   Section        0  timer.o(i.rt_timer_init)
    i.rt_timer_start                         0x000042cc   Section        0  timer.o(i.rt_timer_start)
    i.rt_timer_stop                          0x000043ec   Section        0  timer.o(i.rt_timer_stop)
    i.rtthread_startup                       0x00004440   Section        0  startup.o(i.rtthread_startup)
    i.ucMBMasterGetDestAddress               0x00004480   Section        0  user_mb_app.o(i.ucMBMasterGetDestAddress)
    i.usMBCRC16                              0x00004484   Section        0  mbcrc.o(i.usMBCRC16)
    i.vMBPortSerialEnable                    0x000044bc   Section        0  portserial.o(i.vMBPortSerialEnable)
    i.vMBPortTimersDisable                   0x00004504   Section        0  porttimer.o(i.vMBPortTimersDisable)
    i.vMBPortTimersEnable                    0x0000452c   Section        0  porttimer.o(i.vMBPortTimersEnable)
    i.xMBMasterGetCBRunInMasterMode          0x0000457c   Section        0  user_mb_app.o(i.xMBMasterGetCBRunInMasterMode)
    i.xMBPortEventGet                        0x00004580   Section        0  portevent.o(i.xMBPortEventGet)
    i.xMBPortEventInit                       0x000045a4   Section        0  portevent.o(i.xMBPortEventInit)
    i.xMBPortEventPost                       0x000045b4   Section        0  portevent.o(i.xMBPortEventPost)
    i.xMBPortSerialGetByte                   0x000045cc   Section        0  portserial.o(i.xMBPortSerialGetByte)
    i.xMBPortSerialInit                      0x000045dc   Section        0  portserial.o(i.xMBPortSerialInit)
    i.xMBPortSerialPutByte                   0x00004690   Section        0  portserial.o(i.xMBPortSerialPutByte)
    i.xMBPortTimersInit                      0x000046a0   Section        0  porttimer.o(i.xMBPortTimersInit)
    i.xMBRTUReceiveFSM                       0x00004700   Section        0  mbrtu.o(i.xMBRTUReceiveFSM)
    i.xMBRTUTimerT35Expired                  0x00004788   Section        0  mbrtu.o(i.xMBRTUTimerT35Expired)
    i.xMBRTUTransmitFSM                      0x000047c8   Section        0  mbrtu.o(i.xMBRTUTransmitFSM)
    .constdata                               0x00004834   Section       32  uart.o(.constdata)
    .constdata                               0x00004854   Section       32  timer_nuc.o(.constdata)
    .constdata                               0x00004874   Section     1024  mbcrc.o(.constdata)
    aucCRCHi                                 0x00004874   Data         256  mbcrc.o(.constdata)
    aucCRCLo                                 0x00004974   Data         256  mbcrc.o(.constdata)
    ccitt_table                              0x00004a74   Data         512  mbcrc.o(.constdata)
    .constdata                               0x00004c74   Section      290  kservice.o(.constdata)
    small_digits                             0x00004d74   Data          17  kservice.o(.constdata)
    large_digits                             0x00004d85   Data          17  kservice.o(.constdata)
    .data                                    0x20000000   Section       12  main.o(.data)
    u32EscapeFrame                           0x20000000   Data           4  main.o(.data)
    .data                                    0x2000000c   Section      108  ds12864.o(.data)
    u32EscapeFrame                           0x2000000c   Data           4  ds12864.o(.data)
    VRMS_ds12864                             0x20000018   Data          22  ds12864.o(.data)
    IRMS_ds12864                             0x2000002e   Data          22  ds12864.o(.data)
    WATT_ds12864                             0x20000044   Data          22  ds12864.o(.data)
    WATTHR_ds12864                           0x2000005a   Data          22  ds12864.o(.data)
    d                                        0x20000070   Data           1  ds12864.o(.data)
    b                                        0x20000071   Data           1  ds12864.o(.data)
    d                                        0x20000072   Data           1  ds12864.o(.data)
    b                                        0x20000073   Data           1  ds12864.o(.data)
    d                                        0x20000074   Data           1  ds12864.o(.data)
    b                                        0x20000075   Data           1  ds12864.o(.data)
    d                                        0x20000076   Data           1  ds12864.o(.data)
    b                                        0x20000077   Data           1  ds12864.o(.data)
    .data                                    0x20000078   Section       44  system_nuc472_442.o(.data)
    u32EscapeFrame                           0x20000078   Data           4  system_nuc472_442.o(.data)
    .data                                    0x200000a4   Section        5  ade7878_spi.o(.data)
    u32EscapeFrame                           0x200000a4   Data           4  ade7878_spi.o(.data)
    .data                                    0x200000ac   Section       44  ad7878_measure.o(.data)
    u32EscapeFrame                           0x200000ac   Data           4  ad7878_measure.o(.data)
    f                                        0x200000d0   Data           1  ad7878_measure.o(.data)
    i                                        0x200000d1   Data           1  ad7878_measure.o(.data)
    .data                                    0x200000d8   Section        2  portevent.o(.data)
    eQueuedEvent                             0x200000d8   Data           1  portevent.o(.data)
    xEventInQueue                            0x200000d9   Data           1  portevent.o(.data)
    .data                                    0x200000dc   Section       14  porttimer.o(.data)
    u32EscapeFrame                           0x200000dc   Data           4  porttimer.o(.data)
    MBTimerout50us                           0x200000e8   Data           2  porttimer.o(.data)
    .data                                    0x200000ea   Section       26  user_mb_app.o(.data)
    .data                                    0x20000104   Section       16  mbrtu.o(.data)
    u32EscapeFrame                           0x20000104   Data           4  mbrtu.o(.data)
    eSndState                                0x20000108   Data           1  mbrtu.o(.data)
    eRcvState                                0x20000109   Data           1  mbrtu.o(.data)
    pucSndBufferCur                          0x2000010c   Data           4  mbrtu.o(.data)
    usSndBufferCount                         0x20000110   Data           2  mbrtu.o(.data)
    usRcvBufferPos                           0x20000112   Data           2  mbrtu.o(.data)
    .data                                    0x20000114   Section        6  mbfuncother.o(.data)
    u32EscapeFrame                           0x20000114   Data           4  mbfuncother.o(.data)
    usMBSlaveIDLen                           0x20000118   Data           2  mbfuncother.o(.data)
    .data                                    0x2000011c   Section      184  mb.o(.data)
    eMBState                                 0x2000011c   Data           1  mb.o(.data)
    xFuncHandlers                            0x20000120   Data         128  mb.o(.data)
    ucMBFrame                                0x200001a0   Data           4  mb.o(.data)
    ucRcvAddress                             0x200001a4   Data           1  mb.o(.data)
    ucFunctionCode                           0x200001a5   Data           1  mb.o(.data)
    usLength                                 0x200001a6   Data           2  mb.o(.data)
    eException                               0x200001a8   Data           1  mb.o(.data)
    ucMBAddress                              0x200001a9   Data           1  mb.o(.data)
    eMBCurrentMode                           0x200001aa   Data           1  mb.o(.data)
    peMBFrameSendCur                         0x200001ac   Data           4  mb.o(.data)
    pvMBFrameStartCur                        0x200001b0   Data           4  mb.o(.data)
    pvMBFrameStopCur                         0x200001b4   Data           4  mb.o(.data)
    peMBFrameReceiveCur                      0x200001b8   Data           4  mb.o(.data)
    pvMBFrameCloseCur                        0x200001bc   Data           4  mb.o(.data)
    .data                                    0x200001d4   Section        4  clock.o(.data)
    rt_tick                                  0x200001d4   Data           4  clock.o(.data)
    .data                                    0x200001d8   Section        4  idle.o(.data)
    rt_thread_idle_hook                      0x200001d8   Data           4  idle.o(.data)
    .data                                    0x200001dc   Section        1  irq.o(.data)
    .data                                    0x200001e0   Section       32  mem.o(.data)
    rt_malloc_hook                           0x200001e0   Data           4  mem.o(.data)
    rt_free_hook                             0x200001e4   Data           4  mem.o(.data)
    heap_ptr                                 0x200001e8   Data           4  mem.o(.data)
    heap_end                                 0x200001ec   Data           4  mem.o(.data)
    lfree                                    0x200001f0   Data           4  mem.o(.data)
    mem_size_aligned                         0x200001f4   Data           4  mem.o(.data)
    used_mem                                 0x200001f8   Data           4  mem.o(.data)
    max_mem                                  0x200001fc   Data           4  mem.o(.data)
    .data                                    0x20000200   Section      164  object.o(.data)
    rt_object_attach_hook                    0x20000290   Data           4  object.o(.data)
    rt_object_detach_hook                    0x20000294   Data           4  object.o(.data)
    .data                                    0x200002a4   Section       28  scheduler.o(.data)
    rt_scheduler_lock_nest                   0x200002a4   Data           2  scheduler.o(.data)
    rt_scheduler_hook                        0x200002bc   Data           4  scheduler.o(.data)
    .data                                    0x200002c0   Section       16  timer.o(.data)
    random_nr                                0x200002c0   Data           4  timer.o(.data)
    rt_timer_list                            0x200002c4   Data           8  timer.o(.data)
    rt_timer_timeout_hook                    0x200002cc   Data           4  timer.o(.data)
    .data                                    0x200002d0   Section       16  cpuport.o(.data)
    rt_exception_hook                        0x200002d0   Data           4  cpuport.o(.data)
    .bss                                     0x200002e0   Section     6960  user_mb_app.o(.bss)
    .bss                                     0x20001e10   Section      256  mbrtu.o(.bss)
    .bss                                     0x20001f10   Section       32  mbfuncother.o(.bss)
    ucMBSlaveID                              0x20001f10   Data          32  mbfuncother.o(.bss)
    .bss                                     0x20001f30   Section     1152  idle.o(.bss)
    idle                                     0x20001f30   Data         128  idle.o(.bss)
    rt_thread_stack                          0x20001fb0   Data        1024  idle.o(.bss)
    .bss                                     0x200023b0   Section       32  mem.o(.bss)
    heap_sem                                 0x200023b0   Data          32  mem.o(.bss)
    .bss                                     0x200023d0   Section      256  scheduler.o(.bss)
    .bss                                     0x200024d0   Section     2304  application.o(.bss)
    thread_PowerMeasurment_stack             0x200024d0   Data        1024  application.o(.bss)
    thread_Rs485comm_stack                   0x20002950   Data        1024  application.o(.bss)
    .bss                                     0x20002dd0   Section     6144  startup.o(.bss)
    STACK                                    0x200045d0   Section     2048  startup_nuc472_442.o(STACK)

    Global Symbols

    Symbol Name                              Value     Ov Type        Size  Object(Section)

    BuildAttributes$$THM_ISAv4$E$P$D$K$B$S$7EM$VFPi3$EXTD16$VFPS$VFMA$PE$A:L22UL41UL21$X:L11$S22US41US21$IEEE1$IW$USESV6$~STKCKD$USESV7$~SHL$OTIME$ROPI$IEEEX$EBA8$MICROLIB$REQ8$PRES8$EABIv2 0x00000000   Number         0  anon$$obj.o ABSOLUTE
    __ARM_use_no_argv                        0x00000000   Number         0  startup.o ABSOLUTE
    __Vectors                                0x00000000   Data           4  startup_nuc472_442.o(RESET)
    _printf_a                                0x00000000   Number         0  stubs.o ABSOLUTE
    _printf_c                                0x00000000   Number         0  stubs.o ABSOLUTE
    _printf_charcount                        0x00000000   Number         0  stubs.o ABSOLUTE
    _printf_d                                0x00000000   Number         0  stubs.o ABSOLUTE
    _printf_e                                0x00000000   Number         0  stubs.o ABSOLUTE
    _printf_f                                0x00000000   Number         0  stubs.o ABSOLUTE
    _printf_flags                            0x00000000   Number         0  stubs.o ABSOLUTE
    _printf_fp_dec                           0x00000000   Number         0  stubs.o ABSOLUTE
    _printf_fp_hex                           0x00000000   Number         0  stubs.o ABSOLUTE
    _printf_g                                0x00000000   Number         0  stubs.o ABSOLUTE
    _printf_i                                0x00000000   Number         0  stubs.o ABSOLUTE
    _printf_int_dec                          0x00000000   Number         0  stubs.o ABSOLUTE
    _printf_l                                0x00000000   Number         0  stubs.o ABSOLUTE
    _printf_lc                               0x00000000   Number         0  stubs.o ABSOLUTE
    _printf_ll                               0x00000000   Number         0  stubs.o ABSOLUTE
    _printf_lld                              0x00000000   Number         0  stubs.o ABSOLUTE
    _printf_lli                              0x00000000   Number         0  stubs.o ABSOLUTE
    _printf_llo                              0x00000000   Number         0  stubs.o ABSOLUTE
    _printf_llu                              0x00000000   Number         0  stubs.o ABSOLUTE
    _printf_llx                              0x00000000   Number         0  stubs.o ABSOLUTE
    _printf_longlong_dec                     0x00000000   Number         0  stubs.o ABSOLUTE
    _printf_longlong_hex                     0x00000000   Number         0  stubs.o ABSOLUTE
    _printf_longlong_oct                     0x00000000   Number         0  stubs.o ABSOLUTE
    _printf_ls                               0x00000000   Number         0  stubs.o ABSOLUTE
    _printf_mbtowc                           0x00000000   Number         0  stubs.o ABSOLUTE
    _printf_n                                0x00000000   Number         0  stubs.o ABSOLUTE
    _printf_o                                0x00000000   Number         0  stubs.o ABSOLUTE
    _printf_p                                0x00000000   Number         0  stubs.o ABSOLUTE
    _printf_percent                          0x00000000   Number         0  stubs.o ABSOLUTE
    _printf_pre_padding                      0x00000000   Number         0  stubs.o ABSOLUTE
    _printf_return_value                     0x00000000   Number         0  stubs.o ABSOLUTE
    _printf_s                                0x00000000   Number         0  stubs.o ABSOLUTE
    _printf_sizespec                         0x00000000   Number         0  stubs.o ABSOLUTE
    _printf_str                              0x00000000   Number         0  stubs.o ABSOLUTE
    _printf_truncate_signed                  0x00000000   Number         0  stubs.o ABSOLUTE
    _printf_truncate_unsigned                0x00000000   Number         0  stubs.o ABSOLUTE
    _printf_u                                0x00000000   Number         0  stubs.o ABSOLUTE
    _printf_wc                               0x00000000   Number         0  stubs.o ABSOLUTE
    _printf_wctomb                           0x00000000   Number         0  stubs.o ABSOLUTE
    _printf_widthprec                        0x00000000   Number         0  stubs.o ABSOLUTE
    _printf_x                                0x00000000   Number         0  stubs.o ABSOLUTE
    __Vectors_End                            0x00000278   Data           0  startup_nuc472_442.o(RESET)
    __Vectors_Size                           0x00000278   Number         0  startup_nuc472_442.o ABSOLUTE
    __main                                   0x00000279   Thumb Code     0  entry.o(.ARM.Collect$$$$00000000)
    _main_stk                                0x00000279   Thumb Code     0  entry2.o(.ARM.Collect$$$$00000001)
    _main_scatterload                        0x0000027d   Thumb Code     0  entry5.o(.ARM.Collect$$$$00000004)
    __main_after_scatterload                 0x00000281   Thumb Code     0  entry5.o(.ARM.Collect$$$$00000004)
    _main_init                               0x00000281   Thumb Code     0  entry7.o(.ARM.Collect$$$$00000007)
    Reset_Handler                            0x0000028d   Thumb Code    40  startup_nuc472_442.o(.text)
    NMI_Handler                              0x000002b5   Thumb Code     2  startup_nuc472_442.o(.text)
    MemManage_Handler                        0x000002b9   Thumb Code     2  startup_nuc472_442.o(.text)
    BusFault_Handler                         0x000002bb   Thumb Code     2  startup_nuc472_442.o(.text)
    UsageFault_Handler                       0x000002bd   Thumb Code     2  startup_nuc472_442.o(.text)
    SVC_Handler                              0x000002bf   Thumb Code     2  startup_nuc472_442.o(.text)
    DebugMon_Handler                         0x000002c1   Thumb Code     2  startup_nuc472_442.o(.text)
    ACMP_IRQHandler                          0x000002c7   Thumb Code     0  startup_nuc472_442.o(.text)
    ADC_IRQHandler                           0x000002c7   Thumb Code     0  startup_nuc472_442.o(.text)
    BOD_IRQHandler                           0x000002c7   Thumb Code     0  startup_nuc472_442.o(.text)
    CAN0_IRQHandler                          0x000002c7   Thumb Code     0  startup_nuc472_442.o(.text)
    CAN1_IRQHandler                          0x000002c7   Thumb Code     0  startup_nuc472_442.o(.text)
    CAP_IRQHandler                           0x000002c7   Thumb Code     0  startup_nuc472_442.o(.text)
    CLKF_IRQHandler                          0x000002c7   Thumb Code     0  startup_nuc472_442.o(.text)
    CRC_IRQHandler                           0x000002c7   Thumb Code     0  startup_nuc472_442.o(.text)
    CRYPTO_IRQHandler                        0x000002c7   Thumb Code     0  startup_nuc472_442.o(.text)
    EADC0_IRQHandler                         0x000002c7   Thumb Code     0  startup_nuc472_442.o(.text)
    EADC1_IRQHandler                         0x000002c7   Thumb Code     0  startup_nuc472_442.o(.text)
    EADC2_IRQHandler                         0x000002c7   Thumb Code     0  startup_nuc472_442.o(.text)
    EADC3_IRQHandler                         0x000002c7   Thumb Code     0  startup_nuc472_442.o(.text)
    EINT0_IRQHandler                         0x000002c7   Thumb Code     0  startup_nuc472_442.o(.text)
    EINT1_IRQHandler                         0x000002c7   Thumb Code     0  startup_nuc472_442.o(.text)
    EINT2_IRQHandler                         0x000002c7   Thumb Code     0  startup_nuc472_442.o(.text)
    EINT3_IRQHandler                         0x000002c7   Thumb Code     0  startup_nuc472_442.o(.text)
    EINT4_IRQHandler                         0x000002c7   Thumb Code     0  startup_nuc472_442.o(.text)
    EINT5_IRQHandler                         0x000002c7   Thumb Code     0  startup_nuc472_442.o(.text)
    EINT6_IRQHandler                         0x000002c7   Thumb Code     0  startup_nuc472_442.o(.text)
    EINT7_IRQHandler                         0x000002c7   Thumb Code     0  startup_nuc472_442.o(.text)
    EMAC_RX_IRQHandler                       0x000002c7   Thumb Code     0  startup_nuc472_442.o(.text)
    EMAC_TX_IRQHandler                       0x000002c7   Thumb Code     0  startup_nuc472_442.o(.text)
    EPWM0BRK_IRQHandler                      0x000002c7   Thumb Code     0  startup_nuc472_442.o(.text)
    EPWM0_IRQHandler                         0x000002c7   Thumb Code     0  startup_nuc472_442.o(.text)
    EPWM1BRK_IRQHandler                      0x000002c7   Thumb Code     0  startup_nuc472_442.o(.text)
    EPWM1_IRQHandler                         0x000002c7   Thumb Code     0  startup_nuc472_442.o(.text)
    GPA_IRQHandler                           0x000002c7   Thumb Code     0  startup_nuc472_442.o(.text)
    GPC_IRQHandler                           0x000002c7   Thumb Code     0  startup_nuc472_442.o(.text)
    GPD_IRQHandler                           0x000002c7   Thumb Code     0  startup_nuc472_442.o(.text)
    GPE_IRQHandler                           0x000002c7   Thumb Code     0  startup_nuc472_442.o(.text)
    GPF_IRQHandler                           0x000002c7   Thumb Code     0  startup_nuc472_442.o(.text)
    GPG_IRQHandler                           0x000002c7   Thumb Code     0  startup_nuc472_442.o(.text)
    GPH_IRQHandler                           0x000002c7   Thumb Code     0  startup_nuc472_442.o(.text)
    GPI_IRQHandler                           0x000002c7   Thumb Code     0  startup_nuc472_442.o(.text)
    I2C0_IRQHandler                          0x000002c7   Thumb Code     0  startup_nuc472_442.o(.text)
    I2C1_IRQHandler                          0x000002c7   Thumb Code     0  startup_nuc472_442.o(.text)
    I2C2_IRQHandler                          0x000002c7   Thumb Code     0  startup_nuc472_442.o(.text)
    I2C3_IRQHandler                          0x000002c7   Thumb Code     0  startup_nuc472_442.o(.text)
    I2C4_IRQHandler                          0x000002c7   Thumb Code     0  startup_nuc472_442.o(.text)
    I2S0_IRQHandler                          0x000002c7   Thumb Code     0  startup_nuc472_442.o(.text)
    I2S1_IRQHandler                          0x000002c7   Thumb Code     0  startup_nuc472_442.o(.text)
    ICAP0_IRQHandler                         0x000002c7   Thumb Code     0  startup_nuc472_442.o(.text)
    ICAP1_IRQHandler                         0x000002c7   Thumb Code     0  startup_nuc472_442.o(.text)
    IRC_IRQHandler                           0x000002c7   Thumb Code     0  startup_nuc472_442.o(.text)
    OPA0_IRQHandler                          0x000002c7   Thumb Code     0  startup_nuc472_442.o(.text)
    OPA1_IRQHandler                          0x000002c7   Thumb Code     0  startup_nuc472_442.o(.text)
    PDMA_IRQHandler                          0x000002c7   Thumb Code     0  startup_nuc472_442.o(.text)
    PS2D_IRQHandler                          0x000002c7   Thumb Code     0  startup_nuc472_442.o(.text)
    PWM0CH0_IRQHandler                       0x000002c7   Thumb Code     0  startup_nuc472_442.o(.text)
    PWM0CH1_IRQHandler                       0x000002c7   Thumb Code     0  startup_nuc472_442.o(.text)
    PWM0CH2_IRQHandler                       0x000002c7   Thumb Code     0  startup_nuc472_442.o(.text)
    PWM0CH3_IRQHandler                       0x000002c7   Thumb Code     0  startup_nuc472_442.o(.text)
    PWM0CH4_IRQHandler                       0x000002c7   Thumb Code     0  startup_nuc472_442.o(.text)
    PWM0CH5_IRQHandler                       0x000002c7   Thumb Code     0  startup_nuc472_442.o(.text)
    PWM0_BRK_IRQHandler                      0x000002c7   Thumb Code     0  startup_nuc472_442.o(.text)
    PWM1CH0_IRQHandler                       0x000002c7   Thumb Code     0  startup_nuc472_442.o(.text)
    PWM1CH1_IRQHandler                       0x000002c7   Thumb Code     0  startup_nuc472_442.o(.text)
    PWM1CH2_IRQHandler                       0x000002c7   Thumb Code     0  startup_nuc472_442.o(.text)
    PWM1CH3_IRQHandler                       0x000002c7   Thumb Code     0  startup_nuc472_442.o(.text)
    PWM1CH4_IRQHandler                       0x000002c7   Thumb Code     0  startup_nuc472_442.o(.text)
    PWM1CH5_IRQHandler                       0x000002c7   Thumb Code     0  startup_nuc472_442.o(.text)
    PWM1_BRK_IRQHandler                      0x000002c7   Thumb Code     0  startup_nuc472_442.o(.text)
    PWRWU_IRQHandler                         0x000002c7   Thumb Code     0  startup_nuc472_442.o(.text)
    QEI0_IRQHandler                          0x000002c7   Thumb Code     0  startup_nuc472_442.o(.text)
    QEI1_IRQHandler                          0x000002c7   Thumb Code     0  startup_nuc472_442.o(.text)
    RTC_IRQHandler                           0x000002c7   Thumb Code     0  startup_nuc472_442.o(.text)
    SC0_IRQHandler                           0x000002c7   Thumb Code     0  startup_nuc472_442.o(.text)
    SC1_IRQHandler                           0x000002c7   Thumb Code     0  startup_nuc472_442.o(.text)
    SC2_IRQHandler                           0x000002c7   Thumb Code     0  startup_nuc472_442.o(.text)
    SC3_IRQHandler                           0x000002c7   Thumb Code     0  startup_nuc472_442.o(.text)
    SC4_IRQHandler                           0x000002c7   Thumb Code     0  startup_nuc472_442.o(.text)
    SC5_IRQHandler                           0x000002c7   Thumb Code     0  startup_nuc472_442.o(.text)
    SD_IRQHandler                            0x000002c7   Thumb Code     0  startup_nuc472_442.o(.text)
    SPI0_IRQHandler                          0x000002c7   Thumb Code     0  startup_nuc472_442.o(.text)
    SPI1_IRQHandler                          0x000002c7   Thumb Code     0  startup_nuc472_442.o(.text)
    SPI2_IRQHandler                          0x000002c7   Thumb Code     0  startup_nuc472_442.o(.text)
    SPI3_IRQHandler                          0x000002c7   Thumb Code     0  startup_nuc472_442.o(.text)
    SRAMF_IRQHandler                         0x000002c7   Thumb Code     0  startup_nuc472_442.o(.text)
    TAMPER_IRQHandler                        0x000002c7   Thumb Code     0  startup_nuc472_442.o(.text)
    TMR1_IRQHandler                          0x000002c7   Thumb Code     0  startup_nuc472_442.o(.text)
    TMR2_IRQHandler                          0x000002c7   Thumb Code     0  startup_nuc472_442.o(.text)
    TMR3_IRQHandler                          0x000002c7   Thumb Code     0  startup_nuc472_442.o(.text)
    UART0_IRQHandler                         0x000002c7   Thumb Code     0  startup_nuc472_442.o(.text)
    UART1_IRQHandler                         0x000002c7   Thumb Code     0  startup_nuc472_442.o(.text)
    UART2_IRQHandler                         0x000002c7   Thumb Code     0  startup_nuc472_442.o(.text)
    UART4_IRQHandler                         0x000002c7   Thumb Code     0  startup_nuc472_442.o(.text)
    UART5_IRQHandler                         0x000002c7   Thumb Code     0  startup_nuc472_442.o(.text)
    USBD_IRQHandler                          0x000002c7   Thumb Code     0  startup_nuc472_442.o(.text)
    USBH_IRQHandler                          0x000002c7   Thumb Code     0  startup_nuc472_442.o(.text)
    USB_OTG_IRQHandler                       0x000002c7   Thumb Code     0  startup_nuc472_442.o(.text)
    WDT_IRQHandler                           0x000002c7   Thumb Code     0  startup_nuc472_442.o(.text)
    WWDT_IRQHandler                          0x000002c7   Thumb Code     0  startup_nuc472_442.o(.text)
    rt_hw_interrupt_disable                  0x000002d9   Thumb Code     8  context_rvds.o(.text)
    rt_hw_interrupt_enable                   0x000002e1   Thumb Code     6  context_rvds.o(.text)
    rt_hw_context_switch                     0x000002e7   Thumb Code    32  context_rvds.o(.text)
    rt_hw_context_switch_interrupt           0x000002e7   Thumb Code     0  context_rvds.o(.text)
    PendSV_Handler                           0x00000307   Thumb Code   108  context_rvds.o(.text)
    rt_hw_context_switch_to                  0x00000373   Thumb Code    70  context_rvds.o(.text)
    rt_hw_interrupt_thread_switch            0x000003b9   Thumb Code     4  context_rvds.o(.text)
    HardFault_Handler                        0x000003bd   Thumb Code    20  context_rvds.o(.text)
    __aeabi_uldivmod                         0x000003e9   Thumb Code   102  uldiv.o(.text)
    __aeabi_llsr                             0x0000044f   Thumb Code    32  llushr.o(.text)
    _ll_ushift_r                             0x0000044f   Thumb Code     0  llushr.o(.text)
    __aeabi_memcpy                           0x0000046f   Thumb Code    36  memcpya.o(.text)
    __aeabi_memcpy4                          0x0000046f   Thumb Code     0  memcpya.o(.text)
    __aeabi_memcpy8                          0x0000046f   Thumb Code     0  memcpya.o(.text)
    __aeabi_dadd                             0x00000493   Thumb Code   318  dadd.o(.text)
    __aeabi_dsub                             0x000005d1   Thumb Code     6  dadd.o(.text)
    __aeabi_drsub                            0x000005d7   Thumb Code     6  dadd.o(.text)
    __aeabi_dmul                             0x000005dd   Thumb Code   226  dmul.o(.text)
    __aeabi_ddiv                             0x000006bf   Thumb Code   222  ddiv.o(.text)
    __aeabi_f2d                              0x0000079d   Thumb Code    44  f2d.o(.text)
    __aeabi_uidiv                            0x000007c9   Thumb Code     0  uidiv.o(.text)
    __aeabi_uidivmod                         0x000007c9   Thumb Code    44  uidiv.o(.text)
    __aeabi_llsl                             0x000007f5   Thumb Code    30  llshl.o(.text)
    _ll_shift_l                              0x000007f5   Thumb Code     0  llshl.o(.text)
    __aeabi_lasr                             0x00000813   Thumb Code    36  llsshr.o(.text)
    _ll_sshift_r                             0x00000813   Thumb Code     0  llsshr.o(.text)
    __I$use$fp                               0x00000837   Thumb Code     0  iusefp.o(.text)
    _double_round                            0x00000837   Thumb Code    26  depilogue.o(.text)
    _double_epilogue                         0x00000851   Thumb Code   168  depilogue.o(.text)
    __aeabi_d2ulz                            0x000008f9   Thumb Code    48  dfixul.o(.text)
    __aeabi_cdrcmple                         0x00000929   Thumb Code    38  cdrcmple.o(.text)
    __scatterload                            0x00000951   Thumb Code    28  init.o(.text)
    __scatterload_rt2                        0x00000951   Thumb Code     0  init.o(.text)
    __decompress                             0x00000975   Thumb Code     0  __dczerorl2.o(.text)
    __decompress1                            0x00000975   Thumb Code    92  __dczerorl2.o(.text)
    ADE7878Cfg                               0x000009d1   Thumb Code   790  ade7878.o(i.ADE7878Cfg)
    ADE7878PSM0                              0x00000d05   Thumb Code    50  ade7878.o(i.ADE7878PSM0)
    ADE7878Reset                             0x00000d41   Thumb Code    90  ade7878.o(i.ADE7878Reset)
    ADE7878SPICfg                            0x00000dad   Thumb Code    92  ade7878.o(i.ADE7878SPICfg)
    ADE7878_main                             0x00000e0d   Thumb Code    82  ad7878_measure.o(i.ADE7878_main)
    CLK_EnableModuleClock                    0x00000e65   Thumb Code    36  clk.o(i.CLK_EnableModuleClock)
    CLK_EnableXtalRC                         0x00000e8d   Thumb Code    18  clk.o(i.CLK_EnableXtalRC)
    CLK_GetHCLKFreq                          0x00000ea5   Thumb Code    12  clk.o(i.CLK_GetHCLKFreq)
    CLK_GetPLLClockFreq                      0x00000eb5   Thumb Code    96  clk.o(i.CLK_GetPLLClockFreq)
    CLK_SetHCLK                              0x00000f21   Thumb Code    48  clk.o(i.CLK_SetHCLK)
    CLK_SetModuleClock                       0x00000f59   Thumb Code    94  clk.o(i.CLK_SetModuleClock)
    CLK_WaitClockReady                       0x00000fbd   Thumb Code    36  clk.o(i.CLK_WaitClockReady)
    ConfigHWSpiport                          0x00000fe5   Thumb Code    86  config.o(i.ConfigHWSpiport)
    ConfigHWled                              0x00001051   Thumb Code    24  config.o(i.ConfigHWled)
    Config_ADE7878_IRQ                       0x0000106d   Thumb Code    96  ade7878_int.o(i.Config_ADE7878_IRQ)
    Delay                                    0x000010d9   Thumb Code    18  ade7878_spi.o(i.Delay)
    Delay_nms                                0x000010eb   Thumb Code    20  ds12864.o(i.Delay_nms)
    Display_Task                             0x00001101   Thumb Code    60  ds12864.o(i.Display_Task)
    EnterCriticalSection                     0x0000114d   Thumb Code     4  port.o(i.EnterCriticalSection)
    ExitCriticalSection                      0x00001151   Thumb Code     4  port.o(i.ExitCriticalSection)
    GPB_IRQHandler                           0x00001155   Thumb Code    70  ade7878_int.o(i.GPB_IRQHandler)
    GPIO_EnableInt                           0x000011a1   Thumb Code    26  gpio.o(i.GPIO_EnableInt)
    GPIO_SetMode                             0x000011bb   Thumb Code    44  gpio.o(i.GPIO_SetMode)
    Init12864                                0x000011e9   Thumb Code    24  ds12864.o(i.Init12864)
    LCD_Setaddress                           0x00001205   Thumb Code    68  ds12864.o(i.LCD_Setaddress)
    LCD_init                                 0x00001249   Thumb Code    44  ds12864.o(i.LCD_init)
    LCD_sendbyte                             0x00001275   Thumb Code    58  ds12864.o(i.LCD_sendbyte)
    LCD_write_com                            0x000012b9   Thumb Code    36  ds12864.o(i.LCD_write_com)
    LCD_write_dat                            0x000012dd   Thumb Code    36  ds12864.o(i.LCD_write_dat)
    PowerMeasurment                          0x00001341   Thumb Code   476  ad7878_measure.o(i.PowerMeasurment)
    SPIDelay                                 0x0000153d   Thumb Code    16  ade7878_spi.o(i.SPIDelay)
    SPIRead2Bytes                            0x0000154d   Thumb Code   126  ade7878_spi.o(i.SPIRead2Bytes)
    SPIRead4Bytes                            0x000015d9   Thumb Code   142  ade7878_spi.o(i.SPIRead4Bytes)
    SPIWrite1Byte                            0x00001675   Thumb Code    68  ade7878_spi.o(i.SPIWrite1Byte)
    SPIWrite2Bytes                           0x000016c1   Thumb Code    78  ade7878_spi.o(i.SPIWrite2Bytes)
    SPIWrite4Bytes                           0x00001719   Thumb Code    94  ade7878_spi.o(i.SPIWrite4Bytes)
    SPI_ClearRxFIFO                          0x00001781   Thumb Code    10  spi.o(i.SPI_ClearRxFIFO)
    SPI_DisableAutoSS                        0x0000178b   Thumb Code    10  spi.o(i.SPI_DisableAutoSS)
    SPI_Open                                 0x00001795   Thumb Code    88  spi.o(i.SPI_Open)
    SYS_Config                               0x000017ed   Thumb Code    20  config.o(i.SYS_Config)
    SYS_Init                                 0x00001801   Thumb Code    80  main.o(i.SYS_Init)
    SYS_UnlockReg                            0x00001855   Thumb Code    38  sys.o(i.SYS_UnlockReg)
    SetSysTick                               0x00001881   Thumb Code    54  main.o(i.SetSysTick)
    Set_Irms2Display                         0x000018c5   Thumb Code    46  ds12864.o(i.Set_Irms2Display)
    Set_Vrms2Display                         0x00001905   Thumb Code    46  ds12864.o(i.Set_Vrms2Display)
    Set_Watt2Display                         0x00001945   Thumb Code    46  ds12864.o(i.Set_Watt2Display)
    Set_Watthr2Display                       0x00001985   Thumb Code    46  ds12864.o(i.Set_Watthr2Display)
    SysTick_Handler                          0x000019c5   Thumb Code    26  main.o(i.SysTick_Handler)
    SystemCoreClockUpdate                    0x000019e5   Thumb Code    68  system_nuc472_442.o(i.SystemCoreClockUpdate)
    SystemInit                               0x00001a41   Thumb Code    20  system_nuc472_442.o(i.SystemInit)
    TIMER_Close                              0x00001a59   Thumb Code     8  timer_nuc.o(i.TIMER_Close)
    TIMER_GetModuleClock                     0x00001a6d   Thumb Code   112  timer_nuc.o(i.TIMER_GetModuleClock)
    TIMER_Open                               0x00001af5   Thumb Code    98  timer_nuc.o(i.TIMER_Open)
    TMR0_IRQHandler                          0x00001b61   Thumb Code    60  porttimer.o(i.TMR0_IRQHandler)
    UART3_IRQHandler                         0x00001bad   Thumb Code    30  portserial.o(i.UART3_IRQHandler)
    UART_DisableFlowCtrl                     0x00001bd1   Thumb Code    10  uart.o(i.UART_DisableFlowCtrl)
    UART_DisableInt                          0x00001bdb   Thumb Code     8  uart.o(i.UART_DisableInt)
    UART_EnableInt                           0x00001be3   Thumb Code     8  uart.o(i.UART_EnableInt)
    UART_Open                                0x00001bed   Thumb Code   118  uart.o(i.UART_Open)
    __0sprintf                               0x00001c6d   Thumb Code    34  printfa.o(i.__0sprintf)
    __1sprintf                               0x00001c6d   Thumb Code     0  printfa.o(i.__0sprintf)
    __2sprintf                               0x00001c6d   Thumb Code     0  printfa.o(i.__0sprintf)
    __c89sprintf                             0x00001c6d   Thumb Code     0  printfa.o(i.__0sprintf)
    sprintf                                  0x00001c6d   Thumb Code     0  printfa.o(i.__0sprintf)
    __rt_ffs                                 0x00001c95   Thumb Code    72  kservice.o(i.__rt_ffs)
    __scatterload_copy                       0x00001ce1   Thumb Code    14  handlers.o(i.__scatterload_copy)
    __scatterload_null                       0x00001cef   Thumb Code     2  handlers.o(i.__scatterload_null)
    __scatterload_zeroinit                   0x00001cf1   Thumb Code    14  handlers.o(i.__scatterload_zeroinit)
    crc_ccitt                                0x000026d9   Thumb Code    40  mbcrc.o(i.crc_ccitt)
    eBTFuncReadHoldingRegister               0x00002705   Thumb Code   150  btfunc.o(i.eBTFuncReadHoldingRegister)
    eMBEnable                                0x0000279d   Thumb Code    32  mb.o(i.eMBEnable)
    eMBFuncReadHoldingRegister               0x000027c5   Thumb Code   140  mbfuncholding.o(i.eMBFuncReadHoldingRegister)
    eMBFuncReadWriteMultipleHoldingRegister  0x00002851   Thumb Code   212  mbfuncholding.o(i.eMBFuncReadWriteMultipleHoldingRegister)
    eMBFuncReportSlaveID                     0x00002925   Thumb Code    30  mbfuncother.o(i.eMBFuncReportSlaveID)
    eMBFuncWriteHoldingRegister              0x0000294d   Thumb Code    66  mbfuncholding.o(i.eMBFuncWriteHoldingRegister)
    eMBInit                                  0x00002991   Thumb Code   150  mb.o(i.eMBInit)
    eMBPoll                                  0x00002a71   Thumb Code   438  mb.o(i.eMBPoll)
    eMBRTUInit                               0x00002c51   Thumb Code    84  mbrtu.o(i.eMBRTUInit)
    eMBRTUReceive                            0x00002ca9   Thumb Code   100  mbrtu.o(i.eMBRTUReceive)
    eMBRTUSend                               0x00002d15   Thumb Code   124  mbrtu.o(i.eMBRTUSend)
    eMBRTUStart                              0x00002da5   Thumb Code    30  mbrtu.o(i.eMBRTUStart)
    eMBRTUStop                               0x00002dc9   Thumb Code    24  mbrtu.o(i.eMBRTUStop)
    eMBRegHoldingCB                          0x00002de1   Thumb Code   188  user_mb_app.o(i.eMBRegHoldingCB)
    main                                     0x00002ead   Thumb Code    14  startup.o(i.main)
    peBTFrameSendCur                         0x00002ebd   Thumb Code   192  mbrtu.o(i.peBTFrameSendCur)
    print                                    0x0000303d   Thumb Code    22  ds12864.o(i.print)
    prveMBError2Exception                    0x00003053   Thumb Code    34  mbutils.o(i.prveMBError2Exception)
    rt_application_init                      0x000030a5   Thumb Code   102  application.o(i.rt_application_init)
    rt_device_init_all                       0x0000314d   Thumb Code    62  device.o(i.rt_device_init_all)
    rt_free                                  0x00003191   Thumb Code   226  mem.o(i.rt_free)
    rt_hw_board_init                         0x0000328d   Thumb Code    16  board.o(i.rt_hw_board_init)
    rt_hw_hard_fault_exception               0x0000329d   Thumb Code    30  cpuport.o(i.rt_hw_hard_fault_exception)
    rt_hw_stack_init                         0x000032c1   Thumb Code    64  cpuport.o(i.rt_hw_stack_init)
    rt_init_thread_entry                     0x00003305   Thumb Code    48  application.o(i.rt_init_thread_entry)
    rt_interrupt_enter                       0x00003335   Thumb Code    30  irq.o(i.rt_interrupt_enter)
    rt_interrupt_get_nest                    0x00003359   Thumb Code     6  irq.o(i.rt_interrupt_get_nest)
    rt_interrupt_leave                       0x00003365   Thumb Code    30  irq.o(i.rt_interrupt_leave)
    rt_malloc                                0x000034bd   Thumb Code   494  mem.o(i.rt_malloc)
    rt_memset                                0x000036cd   Thumb Code    72  kservice.o(i.rt_memset)
    rt_object_allocate                       0x00003715   Thumb Code   122  object.o(i.rt_object_allocate)
    rt_object_delete                         0x00003799   Thumb Code    80  object.o(i.rt_object_delete)
    rt_object_detach                         0x000037ed   Thumb Code    56  object.o(i.rt_object_detach)
    rt_object_init                           0x00003829   Thumb Code    76  object.o(i.rt_object_init)
    rt_object_is_systemobject                0x0000387d   Thumb Code    30  object.o(i.rt_object_is_systemobject)
    rt_schedule                              0x0000389d   Thumb Code   132  scheduler.o(i.rt_schedule)
    rt_schedule_insert_thread                0x0000393d   Thumb Code    80  scheduler.o(i.rt_schedule_insert_thread)
    rt_schedule_remove_thread                0x00003995   Thumb Code    92  scheduler.o(i.rt_schedule_remove_thread)
    rt_sem_init                              0x000039f9   Thumb Code    50  ipc.o(i.rt_sem_init)
    rt_sem_release                           0x00003a2d   Thumb Code    80  ipc.o(i.rt_sem_release)
    rt_sem_take                              0x00003a81   Thumb Code   244  ipc.o(i.rt_sem_take)
    rt_show_version                          0x00003b7d   Thumb Code     2  kservice.o(i.rt_show_version)
    rt_strncpy                               0x00003b7f   Thumb Code    52  kservice.o(i.rt_strncpy)
    rt_system_heap_init                      0x00003bb5   Thumb Code   182  mem.o(i.rt_system_heap_init)
    rt_system_object_init                    0x00003c89   Thumb Code     2  object.o(i.rt_system_object_init)
    rt_system_scheduler_init                 0x00003c8d   Thumb Code    56  scheduler.o(i.rt_system_scheduler_init)
    rt_system_scheduler_start                0x00003cdd   Thumb Code    36  scheduler.o(i.rt_system_scheduler_start)
    rt_system_tick_init                      0x00003d0d   Thumb Code     2  clock.o(i.rt_system_tick_init)
    rt_system_timer_init                     0x00003d11   Thumb Code    24  timer.o(i.rt_system_timer_init)
    rt_system_timer_thread_init              0x00003d2d   Thumb Code     2  timer.o(i.rt_system_timer_thread_init)
    rt_thread_create                         0x00003d2f   Thumb Code    84  thread.o(i.rt_thread_create)
    rt_thread_delay                          0x00003d83   Thumb Code    12  thread.o(i.rt_thread_delay)
    rt_thread_idle_excute                    0x00003e4d   Thumb Code   150  idle.o(i.rt_thread_idle_excute)
    rt_thread_idle_init                      0x00003ee9   Thumb Code    34  idle.o(i.rt_thread_idle_init)
    rt_thread_init                           0x00003f21   Thumb Code    74  thread.o(i.rt_thread_init)
    rt_thread_resume                         0x00003f6b   Thumb Code    76  thread.o(i.rt_thread_resume)
    rt_thread_self                           0x00003fb9   Thumb Code     6  thread.o(i.rt_thread_self)
    rt_thread_sleep                          0x00003fc5   Thumb Code    72  thread.o(i.rt_thread_sleep)
    rt_thread_startup                        0x00004011   Thumb Code    88  thread.o(i.rt_thread_startup)
    rt_thread_suspend                        0x00004069   Thumb Code    66  thread.o(i.rt_thread_suspend)
    rt_thread_timeout                        0x000040ab   Thumb Code    62  thread.o(i.rt_thread_timeout)
    rt_thread_yield                          0x000040e9   Thumb Code    88  thread.o(i.rt_thread_yield)
    rt_tick_get                              0x00004149   Thumb Code     6  clock.o(i.rt_tick_get)
    rt_tick_increase                         0x00004155   Thumb Code    42  clock.o(i.rt_tick_increase)
    rt_timer_check                           0x00004185   Thumb Code   148  timer.o(i.rt_timer_check)
    rt_timer_control                         0x00004221   Thumb Code    70  timer.o(i.rt_timer_control)
    rt_timer_detach                          0x00004267   Thumb Code    44  timer.o(i.rt_timer_detach)
    rt_timer_init                            0x00004293   Thumb Code    58  timer.o(i.rt_timer_init)
    rt_timer_start                           0x000042cd   Thumb Code   276  timer.o(i.rt_timer_start)
    rt_timer_stop                            0x000043ed   Thumb Code    78  timer.o(i.rt_timer_stop)
    rtthread_startup                         0x00004441   Thumb Code    56  startup.o(i.rtthread_startup)
    ucMBMasterGetDestAddress                 0x00004481   Thumb Code     4  user_mb_app.o(i.ucMBMasterGetDestAddress)
    usMBCRC16                                0x00004485   Thumb Code    48  mbcrc.o(i.usMBCRC16)
    vMBPortSerialEnable                      0x000044bd   Thumb Code    62  portserial.o(i.vMBPortSerialEnable)
    vMBPortTimersDisable                     0x00004505   Thumb Code    26  porttimer.o(i.vMBPortTimersDisable)
    vMBPortTimersEnable                      0x0000452d   Thumb Code    66  porttimer.o(i.vMBPortTimersEnable)
    xMBMasterGetCBRunInMasterMode            0x0000457d   Thumb Code     4  user_mb_app.o(i.xMBMasterGetCBRunInMasterMode)
    xMBPortEventGet                          0x00004581   Thumb Code    26  portevent.o(i.xMBPortEventGet)
    xMBPortEventInit                         0x000045a5   Thumb Code    10  portevent.o(i.xMBPortEventInit)
    xMBPortEventPost                         0x000045b5   Thumb Code    16  portevent.o(i.xMBPortEventPost)
    xMBPortSerialGetByte                     0x000045cd   Thumb Code    12  portserial.o(i.xMBPortSerialGetByte)
    xMBPortSerialInit                        0x000045dd   Thumb Code   160  portserial.o(i.xMBPortSerialInit)
    xMBPortSerialPutByte                     0x00004691   Thumb Code    10  portserial.o(i.xMBPortSerialPutByte)
    xMBPortTimersInit                        0x000046a1   Thumb Code    84  porttimer.o(i.xMBPortTimersInit)
    xMBRTUReceiveFSM                         0x00004701   Thumb Code   122  mbrtu.o(i.xMBRTUReceiveFSM)
    xMBRTUTimerT35Expired                    0x00004789   Thumb Code    60  mbrtu.o(i.xMBRTUTimerT35Expired)
    xMBRTUTransmitFSM                        0x000047c9   Thumb Code    94  mbrtu.o(i.xMBRTUTransmitFSM)
    __lowest_bit_bitmap                      0x00004c74   Data         256  kservice.o(.constdata)
    Region$$Table$$Base                      0x00004d98   Number         0  anon$$obj.o(Region$$Table)
    Region$$Table$$Limit                     0x00004db8   Number         0  anon$$obj.o(Region$$Table)
    LocalTime                                0x20000004   Data           4  main.o(.data)
    Mbtick                                   0x20000008   Data           4  main.o(.data)
    a                                        0x20000010   Data           8  ds12864.o(.data)
    SystemCoreClock                          0x2000007c   Data           4  system_nuc472_442.o(.data)
    CyclesPerUs                              0x20000080   Data           4  system_nuc472_442.o(.data)
    gau32ClkSrcTbl                           0x20000084   Data          32  system_nuc472_442.o(.data)
    DummyRd                                  0x200000a8   Data           1  ade7878_spi.o(.data)
    IRQStautsRead0                           0x200000b0   Data           4  ad7878_measure.o(.data)
    IRQStautsRead1                           0x200000b4   Data           4  ad7878_measure.o(.data)
    IRQFlag                                  0x200000b8   Data           1  ad7878_measure.o(.data)
    IRMSIndex                                0x200000b9   Data           1  ad7878_measure.o(.data)
    VRMSIndex                                0x200000ba   Data           1  ad7878_measure.o(.data)
    PhaseAEnergy                             0x200000bc   Data           4  ad7878_measure.o(.data)
    PhaseAIRMS                               0x200000c0   Data           4  ad7878_measure.o(.data)
    PhaseAVRMS                               0x200000c4   Data           4  ad7878_measure.o(.data)
    PhaseAPeroid                             0x200000c8   Data           4  ad7878_measure.o(.data)
    PhaseAAngle                              0x200000cc   Data           4  ad7878_measure.o(.data)
    DisplayTrm                               0x200000d4   Data           4  ad7878_measure.o(.data)
    Timehandel                               0x200000e0   Data           1  porttimer.o(.data)
    timecut                                  0x200000e4   Data           4  porttimer.o(.data)
    usSDiscInStart                           0x200000ea   Data           2  user_mb_app.o(.data)
    usSCoilStart                             0x200000ec   Data           2  user_mb_app.o(.data)
    usSRegInStart                            0x200000ee   Data           2  user_mb_app.o(.data)
    usSRegHoldStart                          0x200000f0   Data           2  user_mb_app.o(.data)
    usMDiscInStart                           0x200000f2   Data           2  user_mb_app.o(.data)
    usMCoilStart                             0x200000f4   Data           2  user_mb_app.o(.data)
    usMRegInStart                            0x200000f6   Data           2  user_mb_app.o(.data)
    usMRegHoldStart                          0x200000f8   Data           2  user_mb_app.o(.data)
    ucSDiscInBuf                             0x200000fa   Data           2  user_mb_app.o(.data)
    ucSCoilBuf                               0x200000fc   Data           8  user_mb_app.o(.data)
    pxMBFrameCBByteReceived                  0x200001c0   Data           4  mb.o(.data)
    pxMBFrameCBTransmitterEmpty              0x200001c4   Data           4  mb.o(.data)
    pxMBPortCBTimerExpired                   0x200001c8   Data           4  mb.o(.data)
    pxMBFrameCBReceiveFSMCur                 0x200001cc   Data           4  mb.o(.data)
    pxMBFrameCBTransmitFSMCur                0x200001d0   Data           4  mb.o(.data)
    rt_interrupt_nest                        0x200001dc   Data           1  irq.o(.data)
    rt_object_container                      0x20000200   Data         144  object.o(.data)
    rt_object_trytake_hook                   0x20000298   Data           4  object.o(.data)
    rt_object_take_hook                      0x2000029c   Data           4  object.o(.data)
    rt_object_put_hook                       0x200002a0   Data           4  object.o(.data)
    rt_current_thread                        0x200002a8   Data           4  scheduler.o(.data)
    rt_current_priority                      0x200002ac   Data           1  scheduler.o(.data)
    rt_thread_ready_priority_group           0x200002b0   Data           4  scheduler.o(.data)
    rt_thread_defunct                        0x200002b4   Data           8  scheduler.o(.data)
    rt_interrupt_from_thread                 0x200002d4   Data           4  cpuport.o(.data)
    rt_interrupt_to_thread                   0x200002d8   Data           4  cpuport.o(.data)
    rt_thread_switch_interrupt_flag          0x200002dc   Data           4  cpuport.o(.data)
    usSRegInBuf                              0x200002e0   Data         200  user_mb_app.o(.bss)
    usSRegHoldBuf                            0x200003a8   Data         200  user_mb_app.o(.bss)
    ucMDiscInBuf                             0x20000470   Data          32  user_mb_app.o(.bss)
    ucMCoilBuf                               0x20000490   Data         128  user_mb_app.o(.bss)
    usMRegInBuf                              0x20000510   Data        3200  user_mb_app.o(.bss)
    usMRegHoldBuf                            0x20001190   Data        3200  user_mb_app.o(.bss)
    ucRTUBuf                                 0x20001e10   Data         256  mbrtu.o(.bss)
    rt_thread_priority_table                 0x200023d0   Data         256  scheduler.o(.bss)
    thread_PowerMeasurment                   0x200028d0   Data         128  application.o(.bss)
    thread_Rs485comm                         0x20002d50   Data         128  application.o(.bss)
    Memheap                                  0x20002dd0   Data        6144  startup.o(.bss)
    __initial_sp                             0x20004dd0   Data           0  startup_nuc472_442.o(STACK)



==============================================================================

Memory Map of the image

  Image Entry point : 0x00000279

  Load Region LR_IROM1 (Base: 0x00000000, Size: 0x00005098, Max: 0x00080000, ABSOLUTE, COMPRESSED[0x00004e78])

    Execution Region ER_IROM1 (Base: 0x00000000, Size: 0x00004db8, Max: 0x00080000, ABSOLUTE)

    Base Addr    Size         Type   Attr      Idx    E Section Name        Object

    0x00000000   0x00000278   Data   RO         3012    RESET               startup_nuc472_442.o
    0x00000278   0x00000000   Code   RO         5565  * .ARM.Collect$$$$00000000  mc_w.l(entry.o)(mc_w.l)
    0x00000278   0x00000004   Code   RO         5879    .ARM.Collect$$$$00000001  mc_w.l(entry2.o)(mc_w.l)
    0x0000027c   0x00000004   Code   RO         5882    .ARM.Collect$$$$00000004  mc_w.l(entry5.o)(mc_w.l)
    0x00000280   0x00000008   Code   RO         5883    .ARM.Collect$$$$00000007  mc_w.l(entry7.o)(mc_w.l)
    0x00000288   0x00000004   Code   RO         5880    .ARM.Collect$$$$00002712  mc_w.l(entry2.o)(mc_w.l)
    0x0000028c   0x0000004c   Code   RO         3013    .text               startup_nuc472_442.o
    0x000002d8   0x00000110   Code   RO         5516    .text               context_rvds.o
    0x000003e8   0x00000066   Code   RO         5568    .text               mc_w.l(uldiv.o)(mc_w.l)
    0x0000044e   0x00000020   Code   RO         5570    .text               mc_w.l(llushr.o)(mc_w.l)
    0x0000046e   0x00000024   Code   RO         5572    .text               mc_w.l(memcpya.o)(mc_w.l)
    0x00000492   0x0000014a   Code   RO         5851    .text               mf_w.l(dadd.o)(mf_w.l)
    0x000005dc   0x000000e2   Code   RO         5853    .text               mf_w.l(dmul.o)(mf_w.l)
    0x000006be   0x000000de   Code   RO         5855    .text               mf_w.l(ddiv.o)(mf_w.l)
    0x0000079c   0x0000002c   Code   RO         5861    .text               mf_w.l(f2d.o)(mf_w.l)
    0x000007c8   0x0000002c   Code   RO         5884    .text               mc_w.l(uidiv.o)(mc_w.l)
    0x000007f4   0x0000001e   Code   RO         5886    .text               mc_w.l(llshl.o)(mc_w.l)
    0x00000812   0x00000024   Code   RO         5888    .text               mc_w.l(llsshr.o)(mc_w.l)
    0x00000836   0x00000000   Code   RO         5897    .text               mc_w.l(iusefp.o)(mc_w.l)
    0x00000836   0x000000c2   Code   RO         5900    .text               mf_w.l(depilogue.o)(mf_w.l)
    0x000008f8   0x00000030   Code   RO         5904    .text               mf_w.l(dfixul.o)(mf_w.l)
    0x00000928   0x00000028   Code   RO         5906    .text               mf_w.l(cdrcmple.o)(mf_w.l)
    0x00000950   0x00000024   Code   RO         5920    .text               mc_w.l(init.o)(mc_w.l)
    0x00000974   0x0000005c   Code   RO         5934    .text               mc_w.l(__dczerorl2.o)(mc_w.l)
    0x000009d0   0x00000334   Code   RO         3088    i.ADE7878Cfg        ade7878.o
    0x00000d04   0x0000003c   Code   RO         3089    i.ADE7878PSM0       ade7878.o
    0x00000d40   0x0000006c   Code   RO         3090    i.ADE7878Reset      ade7878.o
    0x00000dac   0x00000060   Code   RO         3091    i.ADE7878SPICfg     ade7878.o
    0x00000e0c   0x00000058   Code   RO         3164    i.ADE7878_main      ad7878_measure.o
    0x00000e64   0x00000028   Code   RO          831    i.CLK_EnableModuleClock  clk.o
    0x00000e8c   0x00000018   Code   RO          833    i.CLK_EnableXtalRC  clk.o
    0x00000ea4   0x00000010   Code   RO          835    i.CLK_GetHCLKFreq   clk.o
    0x00000eb4   0x0000006c   Code   RO          839    i.CLK_GetPLLClockFreq  clk.o
    0x00000f20   0x00000038   Code   RO          843    i.CLK_SetHCLK       clk.o
    0x00000f58   0x00000064   Code   RO          844    i.CLK_SetModuleClock  clk.o
    0x00000fbc   0x00000028   Code   RO          847    i.CLK_WaitClockReady  clk.o
    0x00000fe4   0x0000006c   Code   RO          243    i.ConfigHWSpiport   config.o
    0x00001050   0x0000001c   Code   RO          244    i.ConfigHWled       config.o
    0x0000106c   0x0000006c   Code   RO         3131    i.Config_ADE7878_IRQ  ade7878_int.o
    0x000010d8   0x00000012   Code   RO         3019    i.Delay             ade7878_spi.o
    0x000010ea   0x00000014   Code   RO          287    i.Delay_nms         ds12864.o
    0x000010fe   0x00000002   PAD
    0x00001100   0x0000004c   Code   RO          288    i.Display_Task      ds12864.o
    0x0000114c   0x00000004   Code   RO         3193    i.EnterCriticalSection  port.o
    0x00001150   0x00000004   Code   RO         3194    i.ExitCriticalSection  port.o
    0x00001154   0x0000004c   Code   RO         3132    i.GPB_IRQHandler    ade7878_int.o
    0x000011a0   0x0000001a   Code   RO         1477    i.GPIO_EnableInt    gpio.o
    0x000011ba   0x0000002c   Code   RO         1478    i.GPIO_SetMode      gpio.o
    0x000011e6   0x00000002   PAD
    0x000011e8   0x0000001c   Code   RO          289    i.Init12864         ds12864.o
    0x00001204   0x00000044   Code   RO          291    i.LCD_Setaddress    ds12864.o
    0x00001248   0x0000002c   Code   RO          295    i.LCD_init          ds12864.o
    0x00001274   0x00000044   Code   RO          296    i.LCD_sendbyte      ds12864.o
    0x000012b8   0x00000024   Code   RO          297    i.LCD_write_com     ds12864.o
    0x000012dc   0x00000024   Code   RO          299    i.LCD_write_dat     ds12864.o
    0x00001300   0x00000018   Code   RO         3315    i.NVIC_EnableIRQ    porttimer.o
    0x00001318   0x00000028   Code   RO         3316    i.NVIC_SetPriority  porttimer.o
    0x00001340   0x000001fc   Code   RO         3165    i.PowerMeasurment   ad7878_measure.o
    0x0000153c   0x00000010   Code   RO         3020    i.SPIDelay          ade7878_spi.o
    0x0000154c   0x0000008c   Code   RO         3022    i.SPIRead2Bytes     ade7878_spi.o
    0x000015d8   0x0000009c   Code   RO         3023    i.SPIRead4Bytes     ade7878_spi.o
    0x00001674   0x0000004c   Code   RO         3024    i.SPIWrite1Byte     ade7878_spi.o
    0x000016c0   0x00000058   Code   RO         3025    i.SPIWrite2Bytes    ade7878_spi.o
    0x00001718   0x00000068   Code   RO         3026    i.SPIWrite4Bytes    ade7878_spi.o
    0x00001780   0x0000000a   Code   RO         2524    i.SPI_ClearRxFIFO   spi.o
    0x0000178a   0x0000000a   Code   RO         2527    i.SPI_DisableAutoSS  spi.o
    0x00001794   0x00000058   Code   RO         2532    i.SPI_Open          spi.o
    0x000017ec   0x00000014   Code   RO          245    i.SYS_Config        config.o
    0x00001800   0x00000054   Code   RO            3    i.SYS_Init          main.o
    0x00001854   0x0000002c   Code   RO         2617    i.SYS_UnlockReg     sys.o
    0x00001880   0x00000044   Code   RO            4    i.SetSysTick        main.o
    0x000018c4   0x00000040   Code   RO          300    i.Set_Irms2Display  ds12864.o
    0x00001904   0x00000040   Code   RO          301    i.Set_Vrms2Display  ds12864.o
    0x00001944   0x00000040   Code   RO          302    i.Set_Watt2Display  ds12864.o
    0x00001984   0x00000040   Code   RO          303    i.Set_Watthr2Display  ds12864.o
    0x000019c4   0x00000020   Code   RO            5    i.SysTick_Handler   main.o
    0x000019e4   0x0000005c   Code   RO         2979    i.SystemCoreClockUpdate  system_nuc472_442.o
    0x00001a40   0x00000018   Code   RO         2980    i.SystemInit        system_nuc472_442.o
    0x00001a58   0x00000008   Code   RO         2914    i.TIMER_Close       timer_nuc.o
    0x00001a60   0x0000000a   Code   RO         3317    i.TIMER_EnableInt   porttimer.o
    0x00001a6a   0x00000002   PAD
    0x00001a6c   0x00000088   Code   RO         2920    i.TIMER_GetModuleClock  timer_nuc.o
    0x00001af4   0x00000062   Code   RO         2921    i.TIMER_Open        timer_nuc.o
    0x00001b56   0x0000000a   Code   RO         3318    i.TIMER_Stop        porttimer.o
    0x00001b60   0x0000004c   Code   RO         3319    i.TMR0_IRQHandler   porttimer.o
    0x00001bac   0x00000024   Code   RO         3249    i.UART3_IRQHandler  portserial.o
    0x00001bd0   0x0000000a   Code   RO         2696    i.UART_DisableFlowCtrl  uart.o
    0x00001bda   0x00000008   Code   RO         2697    i.UART_DisableInt   uart.o
    0x00001be2   0x00000008   Code   RO         2699    i.UART_EnableInt    uart.o
    0x00001bea   0x00000002   PAD
    0x00001bec   0x00000080   Code   RO         2700    i.UART_Open         uart.o
    0x00001c6c   0x00000028   Code   RO         5825    i.__0sprintf        mc_w.l(printfa.o)(mc_w.l)
    0x00001c94   0x0000004c   Code   RO         4669    i.__rt_ffs          kservice.o
    0x00001ce0   0x0000000e   Code   RO         5928    i.__scatterload_copy  mc_w.l(handlers.o)(mc_w.l)
    0x00001cee   0x00000002   Code   RO         5929    i.__scatterload_null  mc_w.l(handlers.o)(mc_w.l)
    0x00001cf0   0x0000000e   Code   RO         5930    i.__scatterload_zeroinit  mc_w.l(handlers.o)(mc_w.l)
    0x00001cfe   0x00000002   PAD
    0x00001d00   0x00000154   Code   RO         5830    i._fp_digits        mc_w.l(printfa.o)(mc_w.l)
    0x00001e54   0x000006d4   Code   RO         5831    i._printf_core      mc_w.l(printfa.o)(mc_w.l)
    0x00002528   0x00000026   Code   RO         5832    i._printf_post_padding  mc_w.l(printfa.o)(mc_w.l)
    0x0000254e   0x0000002e   Code   RO         5833    i._printf_pre_padding  mc_w.l(printfa.o)(mc_w.l)
    0x0000257c   0x00000036   Code   RO         5065    i._rt_scheduler_stack_check  scheduler.o
    0x000025b2   0x00000002   PAD
    0x000025b4   0x000000a8   Code   RO         5149    i._rt_thread_init   thread.o
    0x0000265c   0x00000042   Code   RO         5263    i._rt_timer_init    timer.o
    0x0000269e   0x0000002e   Code   RO         5264    i._rt_timer_remove  timer.o
    0x000026cc   0x0000000a   Code   RO         5835    i._sputc            mc_w.l(printfa.o)(mc_w.l)
    0x000026d6   0x00000002   PAD
    0x000026d8   0x0000002c   Code   RO         3528    i.crc_ccitt         mbcrc.o
    0x00002704   0x00000096   Code   RO         3677    i.eBTFuncReadHoldingRegister  btfunc.o
    0x0000279a   0x00000002   PAD
    0x0000279c   0x00000028   Code   RO         3708    i.eMBEnable         mb.o
    0x000027c4   0x0000008c   Code   RO         3578    i.eMBFuncReadHoldingRegister  mbfuncholding.o
    0x00002850   0x000000d4   Code   RO         3579    i.eMBFuncReadWriteMultipleHoldingRegister  mbfuncholding.o
    0x00002924   0x00000028   Code   RO         3610    i.eMBFuncReportSlaveID  mbfuncother.o
    0x0000294c   0x00000042   Code   RO         3580    i.eMBFuncWriteHoldingRegister  mbfuncholding.o
    0x0000298e   0x00000002   PAD
    0x00002990   0x000000e0   Code   RO         3709    i.eMBInit           mb.o
    0x00002a70   0x000001e0   Code   RO         3710    i.eMBPoll           mb.o
    0x00002c50   0x00000058   Code   RO         3446    i.eMBRTUInit        mbrtu.o
    0x00002ca8   0x0000006c   Code   RO         3447    i.eMBRTUReceive     mbrtu.o
    0x00002d14   0x00000090   Code   RO         3448    i.eMBRTUSend        mbrtu.o
    0x00002da4   0x00000024   Code   RO         3449    i.eMBRTUStart       mbrtu.o
    0x00002dc8   0x00000018   Code   RO         3450    i.eMBRTUStop        mbrtu.o
    0x00002de0   0x000000cc   Code   RO         3388    i.eMBRegHoldingCB   user_mb_app.o
    0x00002eac   0x0000000e   Code   RO         5457    i.main              startup.o
    0x00002eba   0x00000002   PAD
    0x00002ebc   0x000000d4   Code   RO         3451    i.peBTFrameSendCur  mbrtu.o
    0x00002f90   0x000000ac   Code   RO         4821    i.plug_holes        mem.o
    0x0000303c   0x00000016   Code   RO          305    i.print             ds12864.o
    0x00003052   0x00000022   Code   RO         3643    i.prveMBError2Exception  mbutils.o
    0x00003074   0x00000010   Code   RO         3320    i.prvvTIMERExpiredISR  porttimer.o
    0x00003084   0x00000010   Code   RO         3250    i.prvvUARTRxISR     portserial.o
    0x00003094   0x00000010   Code   RO         3251    i.prvvUARTTxReadyISR  portserial.o
    0x000030a4   0x000000a8   Code   RO         5418    i.rt_application_init  application.o
    0x0000314c   0x00000044   Code   RO         4253    i.rt_device_init_all  device.o
    0x00003190   0x000000fc   Code   RO         4823    i.rt_free           mem.o
    0x0000328c   0x00000010   Code   RO         5390    i.rt_hw_board_init  board.o
    0x0000329c   0x00000024   Code   RO         5485    i.rt_hw_hard_fault_exception  cpuport.o
    0x000032c0   0x00000044   Code   RO         5486    i.rt_hw_stack_init  cpuport.o
    0x00003304   0x00000030   Code   RO         5419    i.rt_init_thread_entry  application.o
    0x00003334   0x00000024   Code   RO         4642    i.rt_interrupt_enter  irq.o
    0x00003358   0x0000000c   Code   RO         4643    i.rt_interrupt_get_nest  irq.o
    0x00003364   0x00000024   Code   RO         4644    i.rt_interrupt_leave  irq.o
    0x00003388   0x00000018   Code   RO         4376    i.rt_ipc_list_resume  ipc.o
    0x000033a0   0x0000006c   Code   RO         4378    i.rt_ipc_list_suspend  ipc.o
    0x0000340c   0x00000010   Code   RO         4379    i.rt_ipc_object_init  ipc.o
    0x0000341c   0x00000006   Code   RO         4380    i.rt_list_init      ipc.o
    0x00003422   0x00000006   Code   RO         5069    i.rt_list_init      scheduler.o
    0x00003428   0x00000006   Code   RO         5265    i.rt_list_init      timer.o
    0x0000342e   0x0000000e   Code   RO         4964    i.rt_list_insert_after  object.o
    0x0000343c   0x0000000e   Code   RO         5150    i.rt_list_insert_after  thread.o
    0x0000344a   0x0000000e   Code   RO         5266    i.rt_list_insert_after  timer.o
    0x00003458   0x0000000e   Code   RO         4381    i.rt_list_insert_before  ipc.o
    0x00003466   0x00000010   Code   RO         4328    i.rt_list_isempty   idle.o
    0x00003476   0x00000010   Code   RO         4382    i.rt_list_isempty   ipc.o
    0x00003486   0x00000010   Code   RO         5267    i.rt_list_isempty   timer.o
    0x00003496   0x00000012   Code   RO         4965    i.rt_list_remove    object.o
    0x000034a8   0x00000012   Code   RO         5151    i.rt_list_remove    thread.o
    0x000034ba   0x00000002   PAD
    0x000034bc   0x00000210   Code   RO         4825    i.rt_malloc         mem.o
    0x000036cc   0x00000048   Code   RO         4678    i.rt_memset         kservice.o
    0x00003714   0x00000084   Code   RO         4966    i.rt_object_allocate  object.o
    0x00003798   0x00000054   Code   RO         4968    i.rt_object_delete  object.o
    0x000037ec   0x0000003c   Code   RO         4969    i.rt_object_detach  object.o
    0x00003828   0x00000054   Code   RO         4973    i.rt_object_init    object.o
    0x0000387c   0x0000001e   Code   RO         4974    i.rt_object_is_systemobject  object.o
    0x0000389a   0x00000002   PAD
    0x0000389c   0x000000a0   Code   RO         5070    i.rt_schedule       scheduler.o
    0x0000393c   0x00000058   Code   RO         5071    i.rt_schedule_insert_thread  scheduler.o
    0x00003994   0x00000064   Code   RO         5072    i.rt_schedule_remove_thread  scheduler.o
    0x000039f8   0x00000032   Code   RO         4410    i.rt_sem_init       ipc.o
    0x00003a2a   0x00000002   PAD
    0x00003a2c   0x00000054   Code   RO         4411    i.rt_sem_release    ipc.o
    0x00003a80   0x000000fc   Code   RO         4412    i.rt_sem_take       ipc.o
    0x00003b7c   0x00000002   Code   RO         4680    i.rt_show_version   kservice.o
    0x00003b7e   0x00000034   Code   RO         4688    i.rt_strncpy        kservice.o
    0x00003bb2   0x00000002   PAD
    0x00003bb4   0x000000d4   Code   RO         4829    i.rt_system_heap_init  mem.o
    0x00003c88   0x00000002   Code   RO         4978    i.rt_system_object_init  object.o
    0x00003c8a   0x00000002   PAD
    0x00003c8c   0x00000050   Code   RO         5074    i.rt_system_scheduler_init  scheduler.o
    0x00003cdc   0x00000030   Code   RO         5075    i.rt_system_scheduler_start  scheduler.o
    0x00003d0c   0x00000002   Code   RO         4211    i.rt_system_tick_init  clock.o
    0x00003d0e   0x00000002   PAD
    0x00003d10   0x0000001c   Code   RO         5268    i.rt_system_timer_init  timer.o
    0x00003d2c   0x00000002   Code   RO         5269    i.rt_system_timer_thread_init  timer.o
    0x00003d2e   0x00000054   Code   RO         5153    i.rt_thread_create  thread.o
    0x00003d82   0x0000000c   Code   RO         5154    i.rt_thread_delay   thread.o
    0x00003d8e   0x00000002   PAD
    0x00003d90   0x0000002c   Code   RO         5420    i.rt_thread_entry_PowerMeasurment  application.o
    0x00003dbc   0x00000024   Code   RO         5421    i.rt_thread_entry_Rs485comm  application.o
    0x00003de0   0x00000054   Code   RO         5157    i.rt_thread_exit    thread.o
    0x00003e34   0x00000018   Code   RO         4329    i.rt_thread_idle_entry  idle.o
    0x00003e4c   0x0000009c   Code   RO         4330    i.rt_thread_idle_excute  idle.o
    0x00003ee8   0x00000038   Code   RO         4331    i.rt_thread_idle_init  idle.o
    0x00003f20   0x0000004a   Code   RO         5159    i.rt_thread_init    thread.o
    0x00003f6a   0x0000004c   Code   RO         5160    i.rt_thread_resume  thread.o
    0x00003fb6   0x00000002   PAD
    0x00003fb8   0x0000000c   Code   RO         5161    i.rt_thread_self    thread.o
    0x00003fc4   0x0000004c   Code   RO         5162    i.rt_thread_sleep   thread.o
    0x00004010   0x00000058   Code   RO         5163    i.rt_thread_startup  thread.o
    0x00004068   0x00000042   Code   RO         5164    i.rt_thread_suspend  thread.o
    0x000040aa   0x0000003e   Code   RO         5165    i.rt_thread_timeout  thread.o
    0x000040e8   0x00000060   Code   RO         5166    i.rt_thread_yield   thread.o
    0x00004148   0x0000000c   Code   RO         4213    i.rt_tick_get       clock.o
    0x00004154   0x00000030   Code   RO         4214    i.rt_tick_increase  clock.o
    0x00004184   0x0000009c   Code   RO         5270    i.rt_timer_check    timer.o
    0x00004220   0x00000046   Code   RO         5271    i.rt_timer_control  timer.o
    0x00004266   0x0000002c   Code   RO         5275    i.rt_timer_detach   timer.o
    0x00004292   0x0000003a   Code   RO         5277    i.rt_timer_init     timer.o
    0x000042cc   0x00000120   Code   RO         5280    i.rt_timer_start    timer.o
    0x000043ec   0x00000054   Code   RO         5281    i.rt_timer_stop     timer.o
    0x00004440   0x00000040   Code   RO         5458    i.rtthread_startup  startup.o
    0x00004480   0x00000004   Code   RO         3390    i.ucMBMasterGetDestAddress  user_mb_app.o
    0x00004484   0x00000038   Code   RO         3529    i.usMBCRC16         mbcrc.o
    0x000044bc   0x00000048   Code   RO         3253    i.vMBPortSerialEnable  portserial.o
    0x00004504   0x00000028   Code   RO         3321    i.vMBPortTimersDisable  porttimer.o
    0x0000452c   0x00000050   Code   RO         3322    i.vMBPortTimersEnable  porttimer.o
    0x0000457c   0x00000004   Code   RO         3391    i.xMBMasterGetCBRunInMasterMode  user_mb_app.o
    0x00004580   0x00000024   Code   RO         3214    i.xMBPortEventGet   portevent.o
    0x000045a4   0x00000010   Code   RO         3215    i.xMBPortEventInit  portevent.o
    0x000045b4   0x00000018   Code   RO         3216    i.xMBPortEventPost  portevent.o
    0x000045cc   0x00000010   Code   RO         3254    i.xMBPortSerialGetByte  portserial.o
    0x000045dc   0x000000b4   Code   RO         3255    i.xMBPortSerialInit  portserial.o
    0x00004690   0x00000010   Code   RO         3256    i.xMBPortSerialPutByte  portserial.o
    0x000046a0   0x00000060   Code   RO         3323    i.xMBPortTimersInit  porttimer.o
    0x00004700   0x00000088   Code   RO         3452    i.xMBRTUReceiveFSM  mbrtu.o
    0x00004788   0x00000040   Code   RO         3453    i.xMBRTUTimerT35Expired  mbrtu.o
    0x000047c8   0x0000006c   Code   RO         3454    i.xMBRTUTransmitFSM  mbrtu.o
    0x00004834   0x00000020   Data   RO         2707    .constdata          uart.o
    0x00004854   0x00000020   Data   RO         2922    .constdata          timer_nuc.o
    0x00004874   0x00000400   Data   RO         3530    .constdata          mbcrc.o
    0x00004c74   0x00000122   Data   RO         4693    .constdata          kservice.o
    0x00004d96   0x00000002   PAD
    0x00004d98   0x00000020   Data   RO         5926    Region$$Table       anon$$obj.o


    Execution Region RW_IRAM1 (Base: 0x20000000, Size: 0x00004dd0, Max: 0x00010000, ABSOLUTE, COMPRESSED[0x000000c0])

    Base Addr    Size         Type   Attr      Idx    E Section Name        Object

    0x20000000   0x0000000c   Data   RW            7    .data               main.o
    0x2000000c   0x0000006c   Data   RW          308    .data               ds12864.o
    0x20000078   0x0000002c   Data   RW         2981    .data               system_nuc472_442.o
    0x200000a4   0x00000005   Data   RW         3027    .data               ade7878_spi.o
    0x200000a9   0x00000003   PAD
    0x200000ac   0x0000002c   Data   RW         3167    .data               ad7878_measure.o
    0x200000d8   0x00000002   Data   RW         3217    .data               portevent.o
    0x200000da   0x00000002   PAD
    0x200000dc   0x0000000e   Data   RW         3324    .data               porttimer.o
    0x200000ea   0x0000001a   Data   RW         3393    .data               user_mb_app.o
    0x20000104   0x00000010   Data   RW         3456    .data               mbrtu.o
    0x20000114   0x00000006   Data   RW         3613    .data               mbfuncother.o
    0x2000011a   0x00000002   PAD
    0x2000011c   0x000000b8   Data   RW         3712    .data               mb.o
    0x200001d4   0x00000004   Data   RW         4216    .data               clock.o
    0x200001d8   0x00000004   Data   RW         4334    .data               idle.o
    0x200001dc   0x00000001   Data   RW         4645    .data               irq.o
    0x200001dd   0x00000003   PAD
    0x200001e0   0x00000020   Data   RW         4831    .data               mem.o
    0x20000200   0x000000a4   Data   RW         4979    .data               object.o
    0x200002a4   0x0000001c   Data   RW         5077    .data               scheduler.o
    0x200002c0   0x00000010   Data   RW         5283    .data               timer.o
    0x200002d0   0x00000010   Data   RW         5487    .data               cpuport.o
    0x200002e0   0x00001b30   Zero   RW         3392    .bss                user_mb_app.o
    0x20001e10   0x00000100   Zero   RW         3455    .bss                mbrtu.o
    0x20001f10   0x00000020   Zero   RW         3612    .bss                mbfuncother.o
    0x20001f30   0x00000480   Zero   RW         4333    .bss                idle.o
    0x200023b0   0x00000020   Zero   RW         4830    .bss                mem.o
    0x200023d0   0x00000100   Zero   RW         5076    .bss                scheduler.o
    0x200024d0   0x00000900   Zero   RW         5422    .bss                application.o
    0x20002dd0   0x00001800   Zero   RW         5459    .bss                startup.o
    0x200045d0   0x00000800   Zero   RW         3010    STACK               startup_nuc472_442.o


==============================================================================

Image component sizes


      Code (inc. data)   RO Data    RW Data    ZI Data      Debug   Object Name

         0          0          0          0          0          0   acmp.o
       596         38          0         44          0          0   ad7878_measure.o
      1084         62          0          0          0          0   ade7878.o
       184         18          0          0          0          0   ade7878_int.o
       598         56          0          5          0          0   ade7878_spi.o
       296         78          0          0       2304          0   application.o
        16          0          0          0          0          0   board.o
       150          0          0          0          0          0   btfunc.o
       384         44          0          0          0          0   clk.o
        62         12          0          4          0          0   clock.o
       156         26          0          0          0          0   config.o
       272         24          0          0          0          0   context_rvds.o
       104         10          0         16          0          0   cpuport.o
        68          6          0          0          0          0   device.o
       654        102          0        108          0          0   ds12864.o
        70          0          0          0          0          0   gpio.o
       252         32          0          4       1152          0   idle.o
       570         12          0          0          0          0   ipc.o
        84         18          0          1          0          0   irq.o
       202          4        290          0          0          0   kservice.o
       184         24          0         12          0          0   main.o
       744        130          0        184          0          0   mb.o
       100         12       1024          0          0          0   mbcrc.o
       418          0          0          0          0          0   mbfuncholding.o
        40         10          0          6         32          0   mbfuncother.o
       920         90          0         16        256          0   mbrtu.o
        34          0          0          0          0          0   mbutils.o
      1164        104          0         32         32          0   mem.o
       424         26          0        164          0          0   object.o
         8          0          0          0          0          0   port.o
        76         24          0          2          0          0   portevent.o
       352         58          0          0          0          0   portserial.o
       392         70          0         14          0          0   porttimer.o
       536         80          0         28        256          0   scheduler.o
       108          0          0          0          0          0   spi.o
        78          8          0          0       6144          0   startup.o
        76         16        632          0       2048          0   startup_nuc472_442.o
        44          6          0          0          0          0   sys.o
       116         28          0         44          0          0   system_nuc472_442.o
       930         36          0          0          0          0   thread.o
       878         30          0         16          0          0   timer.o
       242         24         32          0          0          0   timer_nuc.o
       154         10         32          0          0          0   uart.o
       212         16          0         26       6960          0   user_mb_app.o

    ----------------------------------------------------------------------
     14064       1344       2044        736      19184          0   Object Totals
         0          0         32          0          0          0   (incl. Generated)
        32          0          2         10          0          3   (incl. Padding)

    ----------------------------------------------------------------------

      Code (inc. data)   RO Data    RW Data    ZI Data      Debug   Library Member Name

        92          0          0          0          0          0   __dczerorl2.o
         0          0          0          0          0          0   entry.o
         8          4          0          0          0          0   entry2.o
         4          0          0          0          0          0   entry5.o
         8          4          0          0          0          0   entry7.o
        30          0          0          0          0          0   handlers.o
        36          8          0          0          0          0   init.o
         0          0          0          0          0          0   iusefp.o
        30          0          0          0          0          0   llshl.o
        36          0          0          0          0          0   llsshr.o
        32          0          0          0          0          0   llushr.o
        36          0          0          0          0          0   memcpya.o
      2222         88          0          0          0          0   printfa.o
        44          0          0          0          0          0   uidiv.o
       102          0          0          0          0          0   uldiv.o
        40          2          0          0          0          0   cdrcmple.o
       330          0          0          0          0          0   dadd.o
       222          0          0          0          0          0   ddiv.o
       194          0          0          0          0          0   depilogue.o
        48          0          0          0          0          0   dfixul.o
       226          0          0          0          0          0   dmul.o
        44          0          0          0          0          0   f2d.o

    ----------------------------------------------------------------------
      3788        106          0          0          0          0   Library Totals
         4          0          0          0          0          0   (incl. Padding)

    ----------------------------------------------------------------------

      Code (inc. data)   RO Data    RW Data    ZI Data      Debug   Library Name

      2680        104          0          0          0       1040   mc_w.l
      1104          2          0          0          0        732   mf_w.l

    ----------------------------------------------------------------------
      3788        106          0          0          0          0   Library Totals

    ----------------------------------------------------------------------

==============================================================================


      Code (inc. data)   RO Data    RW Data    ZI Data      Debug   

     17852       1450       2044        736      19184     853324   Grand Totals
     17852       1450       2044        192      19184     853324   ELF Image Totals (compressed)
     17852       1450       2044        192          0          0   ROM Totals

==============================================================================

    Total RO  Size (Code + RO Data)                19896 (  19.43kB)
    Total RW  Size (RW Data + ZI Data)             19920 (  19.45kB)
    Total ROM Size (Code + RO Data + RW Data)      20088 (  19.62kB)

==============================================================================

